== Genesis (both) ==
  fetching Genesis ...
  -> C:\Users\chaim\kobo-shabbos\library\output\tanakh\Genesis__both.epub  (50 sections)
== Exodus (both) ==
  fetching Exodus ...
  -> C:\Users\chaim\kobo-shabbos\library\output\tanakh\Exodus__both.epub  (40 sections)
== Leviticus (both) ==
  fetching Leviticus ...
  -> C:\Users\chaim\kobo-shabbos\library\output\tanakh\Leviticus__both.epub  (27 sections)
== Numbers (both) ==
  fetching Numbers ...
  -> C:\Users\chaim\kobo-shabbos\library\output\tanakh\Numbers__both.epub  (36 sections)
== Deuteronomy (both) ==
  fetching Deuteronomy ...
  -> C:\Users\chaim\kobo-shabbos\library\output\tanakh\Deuteronomy__both.epub  (34 sections)
== Joshua (both) ==
  fetching Joshua ...
  -> C:\Users\chaim\kobo-shabbos\library\output\tanakh\Joshua__both.epub  (24 sections)
== Judges (both) ==
  fetching Judges ...
  -> C:\Users\chaim\kobo-shabbos\library\output\tanakh\Judges__both.epub  (21 sections)
== I Samuel (both) ==
  fetching I Samuel ...
  -> C:\Users\chaim\kobo-shabbos\library\output\tanakh\I_Samuel__both.epub  (31 sections)
== II Samuel (both) ==
  fetching II Samuel ...
  -> C:\Users\chaim\kobo-shabbos\library\output\tanakh\II_Samuel__both.epub  (24 sections)
== I Kings (both) ==
  fetching I Kings ...
  -> C:\Users\chaim\kobo-shabbos\library\output\tanakh\I_Kings__both.epub  (22 sections)
== II Kings (both) ==
  fetching II Kings ...
  -> C:\Users\chaim\kobo-shabbos\library\output\tanakh\II_Kings__both.epub  (25 sections)
== Isaiah (both) ==
  fetching Isaiah ...
  -> C:\Users\chaim\kobo-shabbos\library\output\tanakh\Isaiah__both.epub  (66 sections)
== Jeremiah (both) ==
  fetching Jeremiah ...
  -> C:\Users\chaim\kobo-shabbos\library\output\tanakh\Jeremiah__both.epub  (52 sections)
== Ezekiel (both) ==
  fetching Ezekiel ...
  -> C:\Users\chaim\kobo-shabbos\library\output\tanakh\Ezekiel__both.epub  (48 sections)
== Hosea (both) ==
  fetching Hosea ...
  -> C:\Users\chaim\kobo-shabbos\library\output\tanakh\Hosea__both.epub  (14 sections)
== Joel (both) ==
  fetching Joel ...
  -> C:\Users\chaim\kobo-shabbos\library\output\tanakh\Joel__both.epub  (4 sections)
== Amos (both) ==
  fetching Amos ...
  -> C:\Users\chaim\kobo-shabbos\library\output\tanakh\Amos__both.epub  (9 sections)
== Obadiah (both) ==
  fetching Obadiah ...
  -> C:\Users\chaim\kobo-shabbos\library\output\tanakh\Obadiah__both.epub  (1 sections)
== Jonah (both) ==
  fetching Jonah ...
  -> C:\Users\chaim\kobo-shabbos\library\output\tanakh\Jonah__both.epub  (4 sections)
== Micah (both) ==
  fetching Micah ...
  -> C:\Users\chaim\kobo-shabbos\library\output\tanakh\Micah__both.epub  (7 sections)
== Nahum (both) ==
  fetching Nahum ...
  -> C:\Users\chaim\kobo-shabbos\library\output\tanakh\Nahum__both.epub  (3 sections)
== Habakkuk (both) ==
  fetching Habakkuk ...
  -> C:\Users\chaim\kobo-shabbos\library\output\tanakh\Habakkuk__both.epub  (3 sections)
== Zephaniah (both) ==
  fetching Zephaniah ...
  -> C:\Users\chaim\kobo-shabbos\library\output\tanakh\Zephaniah__both.epub  (3 sections)
== Haggai (both) ==
  fetching Haggai ...
  -> C:\Users\chaim\kobo-shabbos\library\output\tanakh\Haggai__both.epub  (2 sections)
== Zechariah (both) ==
  fetching Zechariah ...
  -> C:\Users\chaim\kobo-shabbos\library\output\tanakh\Zechariah__both.epub  (14 sections)
== Malachi (both) ==
  fetching Malachi ...
  -> C:\Users\chaim\kobo-shabbos\library\output\tanakh\Malachi__both.epub  (3 sections)
== Psalms (both) ==
  fetching Psalms ...
  -> C:\Users\chaim\kobo-shabbos\library\output\tanakh\Psalms__both.epub  (150 sections)
== Proverbs (both) ==
  fetching Proverbs ...
  -> C:\Users\chaim\kobo-shabbos\library\output\tanakh\Proverbs__both.epub  (31 sections)
== Job (both) ==
  fetching Job ...
  -> C:\Users\chaim\kobo-shabbos\library\output\tanakh\Job__both.epub  (42 sections)
== Song of Songs (both) ==
  fetching Song of Songs ...
  -> C:\Users\chaim\kobo-shabbos\library\output\tanakh\Song_of_Songs__both.epub  (8 sections)
== Ruth (both) ==
  fetching Ruth ...
  -> C:\Users\chaim\kobo-shabbos\library\output\tanakh\Ruth__both.epub  (4 sections)
== Lamentations (both) ==
  fetching Lamentations ...
  -> C:\Users\chaim\kobo-shabbos\library\output\tanakh\Lamentations__both.epub  (5 sections)
== Ecclesiastes (both) ==
  fetching Ecclesiastes ...
  -> C:\Users\chaim\kobo-shabbos\library\output\tanakh\Ecclesiastes__both.epub  (12 sections)
== Esther (both) ==
  fetching Esther ...
  -> C:\Users\chaim\kobo-shabbos\library\output\tanakh\Esther__both.epub  (10 sections)
== Daniel (both) ==
  fetching Daniel ...
  -> C:\Users\chaim\kobo-shabbos\library\output\tanakh\Daniel__both.epub  (12 sections)
== Ezra (both) ==
  fetching Ezra ...
  -> C:\Users\chaim\kobo-shabbos\library\output\tanakh\Ezra__both.epub  (10 sections)
== Nehemiah (both) ==
  fetching Nehemiah ...
  -> C:\Users\chaim\kobo-shabbos\library\output\tanakh\Nehemiah__both.epub  (13 sections)
== I Chronicles (both) ==
  fetching I Chronicles ...
  -> C:\Users\chaim\kobo-shabbos\library\output\tanakh\I_Chronicles__both.epub  (29 sections)
== II Chronicles (both) ==
  fetching II Chronicles ...
  -> C:\Users\chaim\kobo-shabbos\library\output\tanakh\II_Chronicles__both.epub  (36 sections)
== Siddur Ashkenaz (both) ==
  456 leaf sections
    [1/456] Siddur Ashkenaz, Weekday, Shacharit, Preparatory Prayers, Modeh Ani
    [50/456] Siddur Ashkenaz, Weekday, Shacharit, Amidah, Holiness of God
    [100/456] Siddur Ashkenaz, Weekday, Shacharit, Concluding Prayers, Korbanot (Israel), Ein Kelohenu
    [150/456] Siddur Ashkenaz, Weekday, Maariv, Amidah, Repentance
    [200/456] Siddur Ashkenaz, Shabbat, Maariv, Amidah, Sanctity of the Day
    [250/456] Siddur Ashkenaz, Shabbat, Shacharit, Pesukei Dezimra, Mizmor Letoda
    [300/456] Siddur Ashkenaz, Shabbat, Shacharit, Torah Reading, Reading from Sefer, Mi Sheberach, For Sickness (includes man and woman)
    [350/456] Siddur Ashkenaz, Shabbat, Minchah, Half Kaddish
    [400/456] Siddur Ashkenaz, Festivals, Shalosh Regalim, Amida for Maariv, Shacharit, Mincha, Avot
    [450/456] Siddur Ashkenaz, Berachot, Havinenu
    [456/456] Siddur Ashkenaz, Kaddish, Kaddish achar Hashlamat Meschet
  -> C:\Users\chaim\kobo-shabbos\library\output\siddur\Siddur_Ashkenaz__both.epub  (451 sections, 5 top-level groups)
== Berakhot (both) ==
  fetching Berakhot ...
  -> C:\Users\chaim\kobo-shabbos\library\output\shas_bavli\Berakhot__both.epub  (125 sections)
== Shabbat (both) ==
  fetching Shabbat ...
  -> C:\Users\chaim\kobo-shabbos\library\output\shas_bavli\Shabbat__both.epub  (312 sections)
== Eruvin (both) ==
  fetching Eruvin ...
  -> C:\Users\chaim\kobo-shabbos\library\output\shas_bavli\Eruvin__both.epub  (207 sections)
== Pesachim (both) ==
  fetching Pesachim ...
  -> C:\Users\chaim\kobo-shabbos\library\output\shas_bavli\Pesachim__both.epub  (240 sections)
== Jerusalem Talmud Shekalim (both) ==
  fetching Jerusalem Talmud Shekalim ...
  -> C:\Users\chaim\kobo-shabbos\library\output\shas_bavli\Jerusalem_Talmud_Shekalim__both.epub  (8 sections)
== Yoma (both) ==
  fetching Yoma ...
  -> C:\Users\chaim\kobo-shabbos\library\output\shas_bavli\Yoma__both.epub  (173 sections)
== Sukkah (both) ==
  fetching Sukkah ...
  -> C:\Users\chaim\kobo-shabbos\library\output\shas_bavli\Sukkah__both.epub  (110 sections)
== Beitzah (both) ==
  fetching Beitzah ...
  -> C:\Users\chaim\kobo-shabbos\library\output\shas_bavli\Beitzah__both.epub  (78 sections)
== Rosh Hashanah (both) ==
  fetching Rosh Hashanah ...
  -> C:\Users\chaim\kobo-shabbos\library\output\shas_bavli\Rosh_Hashanah__both.epub  (67 sections)
== Taanit (both) ==
  fetching Taanit ...
  -> C:\Users\chaim\kobo-shabbos\library\output\shas_bavli\Taanit__both.epub  (59 sections)
== Megillah (both) ==
  fetching Megillah ...
  -> C:\Users\chaim\kobo-shabbos\library\output\shas_bavli\Megillah__both.epub  (61 sections)
== Moed Katan (both) ==
  fetching Moed Katan ...
  -> C:\Users\chaim\kobo-shabbos\library\output\shas_bavli\Moed_Katan__both.epub  (55 sections)
== Chagigah (both) ==
  fetching Chagigah ...
  -> C:\Users\chaim\kobo-shabbos\library\output\shas_bavli\Chagigah__both.epub  (51 sections)
== Yevamot (both) ==
  fetching Yevamot ...
  -> C:\Users\chaim\kobo-shabbos\library\output\shas_bavli\Yevamot__both.epub  (242 sections)
== Ketubot (both) ==
  fetching Ketubot ...
  -> C:\Users\chaim\kobo-shabbos\library\output\shas_bavli\Ketubot__both.epub  (222 sections)
== Nedarim (both) ==
  fetching Nedarim ...
  -> C:\Users\chaim\kobo-shabbos\library\output\shas_bavli\Nedarim__both.epub  (180 sections)
== Nazir (both) ==
  fetching Nazir ...
  -> C:\Users\chaim\kobo-shabbos\library\output\shas_bavli\Nazir__both.epub  (129 sections)
== Sotah (both) ==
  fetching Sotah ...
  -> C:\Users\chaim\kobo-shabbos\library\output\shas_bavli\Sotah__both.epub  (96 sections)
== Gittin (both) ==
  fetching Gittin ...
  -> C:\Users\chaim\kobo-shabbos\library\output\shas_bavli\Gittin__both.epub  (178 sections)
== Kiddushin (both) ==
  fetching Kiddushin ...
  -> C:\Users\chaim\kobo-shabbos\library\output\shas_bavli\Kiddushin__both.epub  (162 sections)
== Bava Kamma (both) ==
  fetching Bava Kamma ...
  -> C:\Users\chaim\kobo-shabbos\library\output\shas_bavli\Bava_Kamma__both.epub  (236 sections)
== Bava Metzia (both) ==
  fetching Bava Metzia ...
  -> C:\Users\chaim\kobo-shabbos\library\output\shas_bavli\Bava_Metzia__both.epub  (235 sections)
== Bava Batra (both) ==
  fetching Bava Batra ...
  -> C:\Users\chaim\kobo-shabbos\library\output\shas_bavli\Bava_Batra__both.epub  (350 sections)
== Sanhedrin (both) ==
  fetching Sanhedrin ...
  -> C:\Users\chaim\kobo-shabbos\library\output\shas_bavli\Sanhedrin__both.epub  (224 sections)
== Makkot (both) ==
  fetching Makkot ...
  -> C:\Users\chaim\kobo-shabbos\library\output\shas_bavli\Makkot__both.epub  (46 sections)
== Shevuot (both) ==
  fetching Shevuot ...
  -> C:\Users\chaim\kobo-shabbos\library\output\shas_bavli\Shevuot__both.epub  (96 sections)
== Avodah Zarah (both) ==
  fetching Avodah Zarah ...
  -> C:\Users\chaim\kobo-shabbos\library\output\shas_bavli\Avodah_Zarah__both.epub  (150 sections)
== Horayot (both) ==
  fetching Horayot ...
  -> C:\Users\chaim\kobo-shabbos\library\output\shas_bavli\Horayot__both.epub  (25 sections)
== Zevachim (both) ==
  fetching Zevachim ...
  -> C:\Users\chaim\kobo-shabbos\library\output\shas_bavli\Zevachim__both.epub  (238 sections)
== Menachot (both) ==
  fetching Menachot ...
  -> C:\Users\chaim\kobo-shabbos\library\output\shas_bavli\Menachot__both.epub  (217 sections)
== Chullin (both) ==
  fetching Chullin ...
  -> C:\Users\chaim\kobo-shabbos\library\output\shas_bavli\Chullin__both.epub  (281 sections)
== Bekhorot (both) ==
  fetching Bekhorot ...
  -> C:\Users\chaim\kobo-shabbos\library\output\shas_bavli\Bekhorot__both.epub  (119 sections)
== Arakhin (both) ==
  fetching Arakhin ...
  -> C:\Users\chaim\kobo-shabbos\library\output\shas_bavli\Arakhin__both.epub  (65 sections)
== Temurah (both) ==
  fetching Temurah ...
  -> C:\Users\chaim\kobo-shabbos\library\output\shas_bavli\Temurah__both.epub  (65 sections)
== Keritot (both) ==
  fetching Keritot ...
  -> C:\Users\chaim\kobo-shabbos\library\output\shas_bavli\Keritot__both.epub  (54 sections)
== Meilah (both) ==
  fetching Meilah ...
  -> C:\Users\chaim\kobo-shabbos\library\output\shas_bavli\Meilah__both.epub  (41 sections)
== Tamid (both) ==
  fetching Tamid ...
  -> C:\Users\chaim\kobo-shabbos\library\output\shas_bavli\Tamid__both.epub  (17 sections)
== Niddah (both) ==
  fetching Niddah ...
  -> C:\Users\chaim\kobo-shabbos\library\output\shas_bavli\Niddah__both.epub  (143 sections)
done.
